Processing esp32dev (platform: espressif32@~6.0.0; board: esp32dev; framework: arduino)
--------------------------------------------------------------------------------
Verbose mode can be enabled via `-v, --verbose` option
CONFIGURATION: https://docs.platformio.org/page/boards/espressif32/esp32dev.html
PLATFORM: Espressif 32 (6.0.1) > Espressif ESP32 Dev Module
HARDWARE: ESP32 240MHz, 320KB RAM, 4MB Flash
DEBUG: Current (cmsis-dap) External (cmsis-dap, esp-bridge, esp-prog, iot-bus-jtag, jlink, minimodule, olimex-arm-usb-ocd, olimex-arm-usb-ocd-h, olimex-arm-usb-tiny-h, olimex-jtag-tiny, tumpa)
PACKAGES: 
 - framework-arduinoespressif32 @ 3.20006.221224 (2.0.6) 
 - tool-esptoolpy @ 1.40400.0 (4.4.0) 
 - toolchain-xtensa-esp32 @ 8.4.0+2021r2-patch5
LDF: Library Dependency Finder -> https://bit.ly/configure-pio-ldf
LDF Modes: Finder ~ chain, Compatibility ~ soft
Found 39 compatible libraries
Scanning dependencies...
Dependency Graph
|-- WiFiManager @ 2.0.17
|-- ArduinoJson @ 7.4.2
|-- ESPAsyncWebServer @ 3.6.0
|-- AsyncTCP @ 3.4.9
|-- PZEM-004T-v30 @ 1.1.2
|-- PubSubClient @ 2.8.0
|-- ESPmDNS @ 2.0.0
|-- LittleFS @ 2.0.0
|-- Update @ 2.0.0
|-- WiFi @ 2.0.0
Building in release mode
Compiling .pio\build\esp32dev\src\main.cpp.o
In file included from src/main.cpp:4:
src/logger.h:1:13: warning: extra tokens at end of #pragma directive
 #pragma once\n#include "config.h"\n\nvoid logger_init();\nvoid writeLog(const String& level, const String& message);\nvoid displayLogs();\nvoid checkAndLogResetReason();\nvoid clearLogHistory();\n
             ^
src/main.cpp: In function 'void setup()':
src/main.cpp:26:5: error: 'logger_init' was not declared in this scope
     logger_init();
     ^~~~~~~~~~~
src/main.cpp:26:5: note: suggested alternative: 'gpio_init'
     logger_init();
     ^~~~~~~~~~~
     gpio_init
*** [.pio\build\esp32dev\src\main.cpp.o] Error 1
========================== [FAILED] Took 7.20 seconds ==========================
